LTspice 24.1.7 for Windows
Circuit: Z:\home\wepi\github\Model-Predictive-Control-Strategies-for-Fourth-Order-Power-Converters\sims\sepic\ltspice\sepic.net
Start Time: Sat Sep 12 10:28:54 2026
Z:\home\wepi\github\Model-Predictive-Control-Strategies-for-Fourth-Order-Power-Converters\sims\sepic\ltspice\TC4420_Rev2_SPICE_Model.mod(98): Note: The caret character means exponentiation in this context. If you wish to silence this warning, use the "**" operator instead or add ".OPTIONS NO_CARET_WARNING" to your netlist.
G50 51 60 VALUE {V(50,0)*0.96/(-0.04+(18/V(3,4))^1.1)+1m}
                                                ^
solver = Normal
Maximum thread count: 8
tnom = 27
temp = 27
method = trap
Direct Newton iteration failed to find .op point.  (Use ".option noopiter" to skip.)
Starting Gmin stepping
Gmin = 10
vernier = 0.5
Gmin = 1.86414
vernier = 0.25
vernier = 0.125
vernier = 0.0625
vernier = 0.03125
vernier = 0.015625
vernier = 0.0078125
Gmin = 1.80765
vernier = 0.00390625
vernier = 0.00195312
vernier = 0.000976562
vernier = 0.000488281
Gmin = 0
Gmin stepping failed

Starting source stepping with srcstepmethod=0
Source Step = 3.0303%
vernier = 0.25
Source Step = 0.0177557%
Starting source stepping with srcstepmethod=1
Source Step = 3.0303%
vernier = 0.25
Source stepping failed

Pseudo Transient succeeded in finding the operating point at 281.378 ms.
Total elapsed time: 12.773 seconds.

Files loaded:
Z:\home\wepi\github\Model-Predictive-Control-Strategies-for-Fourth-Order-Power-Converters\sims\sepic\ltspice\sepic.net
C:\users\wepi\AppData\Local\LTspice\lib\cmp\standard.dio
C:\users\wepi\AppData\Local\LTspice\lib\cmp\standard.mos
Z:\home\wepi\github\Model-Predictive-Control-Strategies-for-Fourth-Order-Power-Converters\sims\sepic\ltspice\TC4420_Rev2_SPICE_Model.mod
Z:\home\wepi\github\Model-Predictive-Control-Strategies-for-Fourth-Order-Power-Converters\sims\sepic\ltspice\ina240a1.lib

il1_avg: AVG(I(L1))=0.847228042467 FROM 0.00499 TO 0.005
il1_pp: PP(I(L1))=0.233708977699 FROM 0.00499 TO 0.005
il1_ripple_pct: 100*IL1_pp/abs(IL1_avg)=27.5851324537
il2_avg: AVG(I(L2))=0.471197289536 FROM 0.00499 TO 0.005
Measurement "il2_pp" FAIL'ed
Measurement "il2_ripple_pct" FAIL'ed
vout_avg: AVG(V(vout))=18.8444905866 FROM 0.00499 TO 0.005
Measurement "vout_pp" FAIL'ed
Measurement "vout_ripple_pct" FAIL'ed
vcs_avg: AVG(V(sw,csd))=11.106999339 FROM 0.00499 TO 0.005
vcs_pp: PP(V(sw,csd))=0.531661987305 FROM 0.00499 TO 0.005
vcs_ripple_pct: 100*Vcs_pp/abs(Vcs_avg)=4.78672926035
vin: AVG(V(vin))=11.9995580053 FROM 0.00499 TO 0.005
eff: (Vout_avg*IL2_avg)/(Vin*IL1_avg)=0.873416946276
